exports[`getNotes Saga should call the NoteLoadingError action if the response errors 1`] = `
Object {
  "@@redux-saga/IO": true,
  "SELECT": Object {
    "args": Array [],
    "selector": [Function],
  },
}
`;

exports[`getNotes Saga should call the NoteLoadingError action if the response errors 2`] = `
Object {
  "@@redux-saga/IO": true,
  "CALL": Object {
    "args": Array [
      "https://api.github.com/users/mxstbr/notes?type=all&sort=updated",
    ],
    "context": null,
    "fn": [Function],
  },
}
`;

exports[`getNotes Saga should dispatch the NotesLoaded action if it requests the data successfully 1`] = `
Object {
  "@@redux-saga/IO": true,
  "SELECT": Object {
    "args": Array [],
    "selector": [Function],
  },
}
`;

exports[`getNotes Saga should dispatch the NotesLoaded action if it requests the data successfully 2`] = `
Object {
  "@@redux-saga/IO": true,
  "CALL": Object {
    "args": Array [
      "https://api.github.com/users/mxstbr/notes?type=all&sort=updated",
    ],
    "context": null,
    "fn": [Function],
  },
}
`;
